PILOT_0.2 {
  global:
    pilot_audio_get_volume;
    pilot_audio_get_volume_clear;
    pilot_audio_read_spectrum;
    pilot_audio_read_spectrum_clear;
    pilot_audio_set_volume;
    pilot_audio_set_volume_clear;
    pilot_battery_request;
    pilot_battery_request_clear;
    pilot_camera_capture_preview;
    pilot_camera_capture_preview_clear;
    pilot_close;
    pilot_connection_get_active;
    pilot_connection_get_active_clear;
    pilot_connection_get_p2p;
    pilot_connection_get_p2p_clear;
    pilot_connection_get_relay;
    pilot_connection_get_relay_clear;
    pilot_connection_get_stats;
    pilot_connection_get_stats_clear;
    pilot_connection_get_status;
    pilot_connection_get_status_clear;
    pilot_connection_request_reconnect;
    pilot_connection_request_reconnect_clear;
    pilot_control_debug_begin;
    pilot_control_debug_begin_clear;
    pilot_control_debug_end;
    pilot_control_debug_end_clear;
    pilot_control_debug_keepalive;
    pilot_control_debug_keepalive_clear;
    pilot_control_debug_set;
    pilot_control_debug_set_clear;
    pilot_control_get_outputs;
    pilot_control_get_outputs_clear;
    pilot_control_read;
    pilot_control_read_clear;
    pilot_control_set;
    pilot_control_set_clear;
    pilot_device_read;
    pilot_device_read_clear;
    pilot_diagnostics_read;
    pilot_diagnostics_read_clear;
    pilot_fan_get_config;
    pilot_fan_get_config_clear;
    pilot_fan_set_config;
    pilot_fan_set_config_clear;
    pilot_gps_read;
    pilot_gps_read_clear;
    pilot_imu_read;
    pilot_imu_read_clear;
    pilot_location_read_cell;
    pilot_location_read_cell_clear;
    pilot_magnetometer_read;
    pilot_magnetometer_read_clear;
    pilot_media_read;
    pilot_media_read_clear;
    pilot_network_get_recovery_policy;
    pilot_network_get_recovery_policy_clear;
    pilot_network_read;
    pilot_network_read_clear;
    pilot_network_set_recovery_mode;
    pilot_network_set_recovery_mode_clear;
    pilot_open;
    pilot_poll;
    pilot_properties_bool;
    pilot_properties_count;
    pilot_properties_double;
    pilot_properties_int;
    pilot_properties_key;
    pilot_properties_string;
    pilot_properties_uint;
    pilot_reconnect;
    pilot_selfcheck_read;
    pilot_selfcheck_read_clear;
    pilot_selfcheck_run;
    pilot_selfcheck_run_clear;
    pilot_status_string;
    pilot_ui_begin;
    pilot_ui_cancel;
    pilot_ui_close;
    pilot_ui_commit;
    pilot_ui_complete;
    pilot_ui_hide;
    pilot_ui_open;
    pilot_ui_poll;
    pilot_ui_register;
    pilot_ui_remove;
    pilot_ui_set_enabled;
    pilot_ui_set_text;
    pilot_ui_set_value;
    pilot_ui_show;
    pilot_watch_cellular;
    pilot_watch_connection;
    pilot_watch_control;
    pilot_watch_imu;
    pilot_watch_magnetometer;
    pilot_watch_network;
    pilot_watch_selfcheck;
  local: *;
};
